its test
FILE START: test/my_test_project/example.exe
# This is not a text file.
FILE END: test/my_test_project/example.exe

FILE START: test/my_test_project/example.txt 
This is a test text.
FILE END: test/my_test_project/example.txt 

